`torch_dtype` is deprecated! Use `dtype` instead!
Loading checkpoint shards:   0%|          | 0/6 [00:00<?, ?it/s]Loading checkpoint shards: 100%|██████████| 6/6 [00:00<00:00, 93.11it/s]
Generating train split:   0%|          | 0/7473 [00:00<?, ? examples/s]Generating train split: 100%|██████████| 7473/7473 [00:00<00:00, 191731.25 examples/s]
Generating test split:   0%|          | 0/1319 [00:00<?, ? examples/s]Generating test split: 100%|██████████| 1319/1319 [00:00<00:00, 220805.71 examples/s]
problem 0: 0.5 min, nfe=657 svf=29 blocks=[4, 5, 6, 7, 8, 9, 10, 11, 12] steps/block=[18, 18, 23, 21, 15, 21, 20, 9, 5] top=''h day is:\n\\[ 9 \\times 2 = 18 \\]\nSo, Janet makes \\(\\boxed{18}\\) dollars every day''
problem 1: 0.4 min, nfe=537 svf=29 blocks=[3, 4, 5, 6, 7, 8, 9, 10, 11] steps/block=[18, 15, 22, 18, 12, 8, 7, 8, 12] top=''Thus, the total number of bolts required for the\n is \\(\\boxed{3}\\).\n</reasoning>''
problem 2: 0.4 min, nfe=561 svf=29 blocks=[4, 5, 6, 7, 8, 9, 10, 11] steps/block=[18, 16, 27, 17, 14, 17, 10, 6] top='' Therefore, the profit Josh made is $10,000.\n</reasoning>\n<answer>\n\\boxed{10000}''
problem 3: 0.4 min, nfe=493 svf=29 blocks=[3, 4, 5, 6, 7, 8, 9, 10, 11] steps/block=[12, 21, 20, 16, 11, 7, 9, 4, 9] top='' the total distance James runs in a week is \\(\\boxed{540}\\) meters.\n</reasoning>''
problem 4: 0.5 min, nfe=599 svf=29 blocks=[5, 6, 7, 8, 9, 10, 11, 12, 13] steps/block=[7, 16, 20, 19, 13, 11, 14, 15, 13] top=''t{ cups} - 40 \\text{ cups} = 20 \\text{ cups} \\]\n</reasoning>\n<answer>\n\\boxed{20}''
problem 5: 0.5 min, nfe=641 svf=29 blocks=[3, 4, 5, 6, 7, 8, 9, 10, 11] steps/block=[2, 24, 22, 25, 22, 20, 11, 11, 6] top=''ives the total cost:\n\\[ 40 + 24 = 64 \\text{ dollars} \\]\n</reasoning>\n\n\\boxed{64}''
problem 6: 0.3 min, nfe=413 svf=29 blocks=[3, 4, 5, 6, 7, 8, 9, 10, 11] steps/block=[10, 14, 10, 9, 6, 7, 16, 9, 8] top=''Toulouse, Charleston, and Seattle have together is \\(\\boxed{260}\\).\n</reasoning>''
problem 7: 0.5 min, nfe=613 svf=29 blocks=[4, 5, 6, 7, 8, 9, 10, 11, 12] steps/block=[19, 20, 17, 14, 17, 14, 18, 12, 8] top=''ng 120 GB: \\( 40 + 20 + 60 = 120 \\) minutes.\n</reasoning>\n<answer>\n\\boxed{120}\n1''
problem 8: 0.6 min, nfe=717 svf=29 blocks=[5, 6, 7, 8, 9, 10, 11, 12, 13] steps/block=[16, 21, 22, 17, 13, 18, 20, 26, 12] top=''515 miles - 180 miles = 315 miles).\n</reasoning>\n\n<answer>\n\\boxed{315}\n</answer>''
problem 9: 0.5 min, nfe=721 svf=29 blocks=[4, 5, 6, 7, 8, 9, 10, 11, 12] steps/block=[23, 25, 21, 21, 11, 20, 14, 15, 16] top='" \\$400 (\\ \\$60) = \\$460 \\]\n\nSo, Eliza's earnings for this week are:\n\n\\boxed{460}"'
problem 10: 0.4 min, nfe=525 svf=29 blocks=[4, 5, 6, 7, 8, 9, 10, 11, 12] steps/block=[17, 14, 19, 6, 14, 15, 9, 13, 10] top='' number of downloads the program had over the three months is:\n\\[\n\\boxed{366}\n\\]''
problem 11: 0.3 min, nfe=401 svf=29 blocks=[4, 5, 6, 7, 8, 9, 10, 11, 12] steps/block=[12, 18, 15, 3, 3, 3, 5, 16, 11] top=''he total cost:\n\\[ 204 + 160 + 330 = 694 \\]\n\n</reasoning>\n<answer>\n\\boxed{694}\n</''
problem 12: 0.6 min, nfe=777 svf=29 blocks=[4, 5, 6, 7, 8, 9, 10, 11, 12] steps/block=[14, 22, 17, 12, 21, 17, 26, 28, 23] top=''t 12 years for the tree to start earning money.\n</reasoning>\n<answer>\n\\boxed{12}''
problem 13: 0.6 min, nfe=765 svf=29 blocks=[4, 5, 6, 7, 8, 9, 10, 11, 12] steps/block=[13, 18, 20, 23, 23, 14, 18, 28, 20] top=''= 3 - 2 \\]\n\\[ \\frac{2x}{3} = 2 \\]\n\\[ x = 3 \\]\n</reasoning>\n<answer>\n\\boxed{3}\n</''
problem 14: 0.5 min, nfe=657 svf=29 blocks=[3, 4, 5, 6, 7, 8, 9, 10, 11] steps/block=[3, 20, 26, 15, 8, 18, 18, 19, 17] top=''20} \\right ) \\times 100\\% = 40\\% \\]\n</reasoning>\n<answer>\n\\boxed{40\\%}\n</answer>''
problem 15: 0.5 min, nfe=625 svf=29 blocks=[5, 6, 7, 8, 9, 10, 11, 12, 13] steps/block=[24, 24, 13, 8, 3, 14, 15, 26, 15] top='',000 = $96\n\nResulting in \\boxed{96}.\n\n</reasoning>\n<answer>\n\\boxed{96}\n</answer>''
problem 16: 0.5 min, nfe=707 svf=29 blocks=[3, 4, 5, 6, 7, 8, 9, 10, 11] steps/block=[7, 24, 13, 24, 22, 28, 19, 12, 6] top='', the total distance covered by each train in the two days is \\boxed{230} miles.''
problem 17: 0.5 min, nfe=665 svf=29 blocks=[4, 5, 6, 7, 8, 9, 10, 11] steps/block=[32, 28, 25, 17, 8, 17, 10, 13] top=''   - Total annual salary: $35,000 + $22,500 = $57,500\n</reasoning> \\boxed{57500}''
problem 18: 0.5 min, nfe=631 svf=29 blocks=[3, 4, 5, 6, 7, 8, 9, 10, 11] steps/block=[7, 19, 18, 14, 11, 14, 18, 18, 17] top=''dozens:\n- \\(84 \\div 12 = 7\\) dozens.\n\n</reasoning>\n<answer>\n\\boxed{28}\n</answer>''
problem 19: 0.6 min, nfe=809 svf=29 blocks=[4, 5, 6, 7, 8, 9, 10, 11, 12] steps/block=[23, 26, 23, 25, 19, 23, 20, 20, 9] top=''s per hour}\\).\n\n</reasoning>\n<answer>\n\\boxed{6} \\text{ miles per hour}\n</answer>''
problem 20: 0.5 min, nfe=685 svf=29 blocks=[4, 5, 6, 7, 8, 9, 10, 11, 12] steps/block=[21, 28, 23, 12, 16, 11, 23, 15, 8] top=''s is:\n   \\[\n   19 - 1 = 18 \\text{ liters}\n   \\]\n</reasoning>\n<answer>\n\\boxed{18}''
problem 21: 0.4 min, nfe=565 svf=29 blocks=[3, 4, 5, 6, 7, 8, 9, 10, 11] steps/block=[10, 19, 17, 22, 15, 7, 11, 19, 7] top='':\n\\[ 31 - 3 = 28 \\]\n</reasoning>\n\n<answer>\n\\boxed{28\\text{ years ago}}\n</answer>''
problem 22: 0.4 min, nfe=513 svf=29 blocks=[3, 4, 5, 6, 7, 8, 9, 10, 11] steps/block=[3, 21, 20, 16, 3, 10, 11, 9, 15] top=''VDs}  4 \\text{ DVDs}  0 \\text{ DVDs} = 7 \\text{ DVDs}\n\\]\n</reasoning>\n\n\\boxed{7}''
problem 23: 0.4 min, nfe=489 svf=29 blocks=[3, 4, 5, 6, 7, 8, 9, 10, 11] steps/block=[13, 18, 25, 15, 13, 9, 4, 8, 3] top=''times 4 \\text{ hours} = 8 \\text{ cm} \\]\n\nTherefore, the candle will be \\boxed{8}''
problem 24: 0.4 min, nfe=616 svf=29 blocks=[3, 4, 5, 6, 7, 8, 9, 10, 11] steps/block=[8, 20, 24, 14, 20, 14, 9, 13, 9] top='' original price of the book was $78.\n</Reasoning>\n\n<Answer>\n\\boxed{78}\n</Answer>''
problem 25: 0.5 min, nfe=589 svf=29 blocks=[4, 5, 6, 7, 8, 9, 10, 11, 12] steps/block=[11, 17, 17, 19, 17, 9, 13, 10, 20] top=''dered 2 boxes of pizza.\n\nFinal answer: Marie ordered $\\boxed{2}$ boxes of pizza.''
problem 26: 0.4 min, nfe=521 svf=29 blocks=[4, 5, 6, 7, 8, 9, 10, 11, 12] steps/block=[12, 22, 20, 19, 4, 4, 12, 15, 8] top=''ars.\n\nTherefore, Mishka spent \\(\\boxed{243}\\) dollars on all the clothing items.''
problem 27: 0.4 min, nfe=517 svf=29 blocks=[4, 5, 6, 7, 8, 9, 10, 11, 12] steps/block=[11, 26, 17, 13, 10, 8, 6, 13, 11] top=''$16.00 on ice cream after 60 days.\n</reasoning>\n<answer>\n\\boxed{16.00}\n</answer>''
problem 28: 0.5 min, nfe=698 svf=29 blocks=[3, 4, 5, 6, 7, 8, 9, 10, 11] steps/block=[6, 20, 20, 27, 24, 23, 13, 14, 7] top=''s between his first and second stops.\n</reasoning>\n<answer>\n\\boxed{25}\n</answer>''
problem 29: 0.4 min, nfe=501 svf=29 blocks=[4, 5, 6, 7, 8, 9, 10, 11, 12] steps/block=[15, 20, 13, 17, 13, 15, 12, 5, 1] top=''B \\]\n\\[ 104 = B \\]\n\nTherefore, the cost of the boots is \\(\\boxed{104}\\) dollars.''
